// Jest Snapshot v1, https://goo.gl/fbAQLP

exports[`BoxCenter Test renderer whith children 1`] = `"<div class=\\"boxcenter-column\\"><div class=\\"boxcenter-line\\">TESTE</div></div>"`;

exports[`BoxCenter Test renderer without children 1`] = `"<div class=\\"boxcenter-column test\\"><div class=\\"boxcenter-line\\"></div></div>"`;
