// Jest Snapshot v1, https://goo.gl/fbAQLP

exports[`GlobalStyle is truthy initialState 1`] = `"{\\"primary\\":\\"#0E2841\\",\\"secundary\\":\\"#0D7ECC\\",\\"contrast\\":\\"#9C1B3A\\",\\"bgprimary\\":{\\"color\\":\\"#FFF\\",\\"background\\":\\"#0E2841\\"},\\"bgsecundary\\":{\\"color\\":\\"#FFF\\",\\"background\\":\\"#0D7ECC\\"},\\"bgcontrast\\":{\\"color\\":\\"#FFF\\",\\"background\\":\\"#9C1B3A\\"}}"`;
