// Jest Snapshot v1, https://goo.gl/fbAQLP

exports[`Images Test images BUTTONS 1`] = `
Object {
  "component": Array [
    "<svg>btn-locked.svg</svg>",
    "<svg>btn-exclude.svg</svg>",
    "<svg>btn-personsend.svg</svg>",
    "<svg>btn-listitems.svg</svg>",
    "<svg>btn-agenda.svg</svg>",
    "<svg>btn-clickaction.svg</svg>",
    "<svg>btn-bellreport.svg</svg>",
    "<svg>btn-status.svg</svg>",
    "<svg>btn-reset.svg</svg>",
    "<svg>btn-add.svg</svg>",
    "<svg>btn-back.svg</svg>",
    "<svg>btn-del.svg</svg>",
    "<svg>btn-edit.svg</svg>",
    "<svg>btn-follow.svg</svg>",
    "<svg>btn-rel.svg</svg>",
    "<svg>btn-reldown.svg</svg>",
    "<svg>btn-relup.svg</svg>",
    "<svg>btn-save.svg</svg>",
    "<svg>btn-update.svg</svg>",
    "<svg>btn-unknow.svg</svg>",
  ],
  "importing": Array [
    "btn-locked.svg",
    "btn-exclude.svg",
    "btn-personsend.svg",
    "btn-listitems.svg",
    "btn-agenda.svg",
    "btn-clickaction.svg",
    "btn-bellreport.svg",
    "btn-status.svg",
    "btn-reset.svg",
    "btn-add.svg",
    "btn-back.svg",
    "btn-del.svg",
    "btn-edit.svg",
    "btn-follow.svg",
    "btn-rel.svg",
    "btn-reldown.svg",
    "btn-relup.svg",
    "btn-save.svg",
    "btn-update.svg",
    "btn-unknow.svg",
  ],
  "nulo": Object {
    "comp": "<svg>btn-unknow.svg</svg>",
    "plain": Object {
      "ReactComponent": Object {
        "$$typeof": Symbol(react.forward_ref),
        "render": [Function],
      },
      "__esModule": true,
      "default": "btn-unknow.svg",
    },
  },
  "require": Array [
    Object {
      "ReactComponent": Object {
        "$$typeof": Symbol(react.forward_ref),
        "render": [Function],
      },
      "__esModule": true,
      "default": "btn-locked.svg",
    },
    Object {
      "ReactComponent": Object {
        "$$typeof": Symbol(react.forward_ref),
        "render": [Function],
      },
      "__esModule": true,
      "default": "btn-exclude.svg",
    },
    Object {
      "ReactComponent": Object {
        "$$typeof": Symbol(react.forward_ref),
        "render": [Function],
      },
      "__esModule": true,
      "default": "btn-personsend.svg",
    },
    Object {
      "ReactComponent": Object {
        "$$typeof": Symbol(react.forward_ref),
        "render": [Function],
      },
      "__esModule": true,
      "default": "btn-listitems.svg",
    },
    Object {
      "ReactComponent": Object {
        "$$typeof": Symbol(react.forward_ref),
        "render": [Function],
      },
      "__esModule": true,
      "default": "btn-agenda.svg",
    },
    Object {
      "ReactComponent": Object {
        "$$typeof": Symbol(react.forward_ref),
        "render": [Function],
      },
      "__esModule": true,
      "default": "btn-clickaction.svg",
    },
    Object {
      "ReactComponent": Object {
        "$$typeof": Symbol(react.forward_ref),
        "render": [Function],
      },
      "__esModule": true,
      "default": "btn-bellreport.svg",
    },
    Object {
      "ReactComponent": Object {
        "$$typeof": Symbol(react.forward_ref),
        "render": [Function],
      },
      "__esModule": true,
      "default": "btn-status.svg",
    },
    Object {
      "ReactComponent": Object {
        "$$typeof": Symbol(react.forward_ref),
        "render": [Function],
      },
      "__esModule": true,
      "default": "btn-reset.svg",
    },
    Object {
      "ReactComponent": Object {
        "$$typeof": Symbol(react.forward_ref),
        "render": [Function],
      },
      "__esModule": true,
      "default": "btn-add.svg",
    },
    Object {
      "ReactComponent": Object {
        "$$typeof": Symbol(react.forward_ref),
        "render": [Function],
      },
      "__esModule": true,
      "default": "btn-back.svg",
    },
    Object {
      "ReactComponent": Object {
        "$$typeof": Symbol(react.forward_ref),
        "render": [Function],
      },
      "__esModule": true,
      "default": "btn-del.svg",
    },
    Object {
      "ReactComponent": Object {
        "$$typeof": Symbol(react.forward_ref),
        "render": [Function],
      },
      "__esModule": true,
      "default": "btn-edit.svg",
    },
    Object {
      "ReactComponent": Object {
        "$$typeof": Symbol(react.forward_ref),
        "render": [Function],
      },
      "__esModule": true,
      "default": "btn-follow.svg",
    },
    Object {
      "ReactComponent": Object {
        "$$typeof": Symbol(react.forward_ref),
        "render": [Function],
      },
      "__esModule": true,
      "default": "btn-rel.svg",
    },
    Object {
      "ReactComponent": Object {
        "$$typeof": Symbol(react.forward_ref),
        "render": [Function],
      },
      "__esModule": true,
      "default": "btn-reldown.svg",
    },
    Object {
      "ReactComponent": Object {
        "$$typeof": Symbol(react.forward_ref),
        "render": [Function],
      },
      "__esModule": true,
      "default": "btn-relup.svg",
    },
    Object {
      "ReactComponent": Object {
        "$$typeof": Symbol(react.forward_ref),
        "render": [Function],
      },
      "__esModule": true,
      "default": "btn-save.svg",
    },
    Object {
      "ReactComponent": Object {
        "$$typeof": Symbol(react.forward_ref),
        "render": [Function],
      },
      "__esModule": true,
      "default": "btn-update.svg",
    },
    Object {
      "ReactComponent": Object {
        "$$typeof": Symbol(react.forward_ref),
        "render": [Function],
      },
      "__esModule": true,
      "default": "btn-unknow.svg",
    },
  ],
}
`;

exports[`Images Test images FORM 1`] = `
Object {
  "component": Array [
    "<svg>lb-copy.svg</svg>",
    "<svg>lb-link.svg</svg>",
    "<svg>input-checked.svg</svg>",
    "<svg>input-unchecked.svg</svg>",
    "<svg>lb-exclude.svg</svg>",
    "<svg>lb-version.svg</svg>",
    "<svg>lb-timeout.svg</svg>",
    "<svg>lb-acha.svg</svg>",
    "<svg>lb-add.svg</svg>",
    "<svg>lb-email.svg</svg>",
    "<svg>lb-pwd.svg</svg>",
    "<svg>lb-rotu.svg</svg>",
    "<svg>lb-nome.svg</svg>",
    "<svg>lb-tel.svg</svg>",
    "<svg>lb-cel.svg</svg>",
    "<svg>lb-mac.svg</svg>",
    "<svg>lb-bar.svg</svg>",
    "<svg>unknow.svg</svg>",
  ],
  "importing": Array [
    "input-checked.svg",
    "input-unchecked.svg",
    "lb-copy.svg",
    "lb-link.svg",
    "lb-exclude.svg",
    "lb-timeout.svg",
    "lb-version.svg",
    "lb-acha.svg",
    "lb-add.svg",
    "lb-email.svg",
    "lb-pwd.svg",
    "lb-rotu.svg",
    "lb-nome.svg",
    "lb-tel.svg",
    "lb-cel.svg",
    "lb-mac.svg",
    "lb-bar.svg",
    "unknow.svg",
  ],
  "nulo": Object {
    "comp": "<svg>unknow.svg</svg>",
    "plain": Object {
      "ReactComponent": Object {
        "$$typeof": Symbol(react.forward_ref),
        "render": [Function],
      },
      "__esModule": true,
      "default": "unknow.svg",
    },
  },
  "require": Array [
    Object {
      "ReactComponent": Object {
        "$$typeof": Symbol(react.forward_ref),
        "render": [Function],
      },
      "__esModule": true,
      "default": "input-checked.svg",
    },
    Object {
      "ReactComponent": Object {
        "$$typeof": Symbol(react.forward_ref),
        "render": [Function],
      },
      "__esModule": true,
      "default": "input-unchecked.svg",
    },
    Object {
      "ReactComponent": Object {
        "$$typeof": Symbol(react.forward_ref),
        "render": [Function],
      },
      "__esModule": true,
      "default": "lb-link.svg",
    },
    Object {
      "ReactComponent": Object {
        "$$typeof": Symbol(react.forward_ref),
        "render": [Function],
      },
      "__esModule": true,
      "default": "lb-copy.svg",
    },
    Object {
      "ReactComponent": Object {
        "$$typeof": Symbol(react.forward_ref),
        "render": [Function],
      },
      "__esModule": true,
      "default": "lb-exclude.svg",
    },
    Object {
      "ReactComponent": Object {
        "$$typeof": Symbol(react.forward_ref),
        "render": [Function],
      },
      "__esModule": true,
      "default": "lb-timeout.svg",
    },
    Object {
      "ReactComponent": Object {
        "$$typeof": Symbol(react.forward_ref),
        "render": [Function],
      },
      "__esModule": true,
      "default": "lb-version.svg",
    },
    Object {
      "ReactComponent": Object {
        "$$typeof": Symbol(react.forward_ref),
        "render": [Function],
      },
      "__esModule": true,
      "default": "lb-acha.svg",
    },
    Object {
      "ReactComponent": Object {
        "$$typeof": Symbol(react.forward_ref),
        "render": [Function],
      },
      "__esModule": true,
      "default": "lb-add.svg",
    },
    Object {
      "ReactComponent": Object {
        "$$typeof": Symbol(react.forward_ref),
        "render": [Function],
      },
      "__esModule": true,
      "default": "lb-email.svg",
    },
    Object {
      "ReactComponent": Object {
        "$$typeof": Symbol(react.forward_ref),
        "render": [Function],
      },
      "__esModule": true,
      "default": "lb-pwd.svg",
    },
    Object {
      "ReactComponent": Object {
        "$$typeof": Symbol(react.forward_ref),
        "render": [Function],
      },
      "__esModule": true,
      "default": "lb-nome.svg",
    },
    Object {
      "ReactComponent": Object {
        "$$typeof": Symbol(react.forward_ref),
        "render": [Function],
      },
      "__esModule": true,
      "default": "lb-rotu.svg",
    },
    Object {
      "ReactComponent": Object {
        "$$typeof": Symbol(react.forward_ref),
        "render": [Function],
      },
      "__esModule": true,
      "default": "lb-tel.svg",
    },
    Object {
      "ReactComponent": Object {
        "$$typeof": Symbol(react.forward_ref),
        "render": [Function],
      },
      "__esModule": true,
      "default": "lb-cel.svg",
    },
    Object {
      "ReactComponent": Object {
        "$$typeof": Symbol(react.forward_ref),
        "render": [Function],
      },
      "__esModule": true,
      "default": "lb-mac.svg",
    },
    Object {
      "ReactComponent": Object {
        "$$typeof": Symbol(react.forward_ref),
        "render": [Function],
      },
      "__esModule": true,
      "default": "lb-bar.svg",
    },
    Object {
      "ReactComponent": Object {
        "$$typeof": Symbol(react.forward_ref),
        "render": [Function],
      },
      "__esModule": true,
      "default": "unknow.svg",
    },
  ],
}
`;

exports[`Images Test images ICON 1`] = `
Object {
  "component": Array [
    "<svg>dashboard.svg</svg>",
    "<svg>condominio.svg</svg>",
    "<svg>gestor.svg</svg>",
    "<svg>me.svg</svg>",
    "<svg>unknow.svg</svg>",
  ],
  "importing": Array [
    "dashboard.svg",
    "condominio.svg",
    "gestor.svg",
    "me.svg",
    "unknow.svg",
  ],
  "nulo": Object {
    "comp": "<svg>unknow.svg</svg>",
    "plain": Object {
      "ReactComponent": Object {
        "$$typeof": Symbol(react.forward_ref),
        "render": [Function],
      },
      "__esModule": true,
      "default": "unknow.svg",
    },
  },
  "require": Array [
    Object {
      "ReactComponent": Object {
        "$$typeof": Symbol(react.forward_ref),
        "render": [Function],
      },
      "__esModule": true,
      "default": "dashboard.svg",
    },
    Object {
      "ReactComponent": Object {
        "$$typeof": Symbol(react.forward_ref),
        "render": [Function],
      },
      "__esModule": true,
      "default": "condominio.svg",
    },
    Object {
      "ReactComponent": Object {
        "$$typeof": Symbol(react.forward_ref),
        "render": [Function],
      },
      "__esModule": true,
      "default": "gestor.svg",
    },
    Object {
      "ReactComponent": Object {
        "$$typeof": Symbol(react.forward_ref),
        "render": [Function],
      },
      "__esModule": true,
      "default": "me.svg",
    },
    Object {
      "ReactComponent": Object {
        "$$typeof": Symbol(react.forward_ref),
        "render": [Function],
      },
      "__esModule": true,
      "default": "unknow.svg",
    },
  ],
}
`;

exports[`Images Test images MESSAGE 1`] = `
Object {
  "component": Array [
    "<svg>msg-ask.svg</svg>",
    "<svg>msg-askcaution.svg</svg>",
    "<svg>msg-blocked.svg</svg>",
    "<svg>msg-building.svg</svg>",
    "<svg>msg-click.svg</svg>",
    "<svg>msg-forbidden.svg</svg>",
    "<svg>msg-locked.svg</svg>",
    "<svg>msg-nofound.svg</svg>",
    "<svg>msg-offline.svg</svg>",
    "<svg>msg-sad.svg</svg>",
    "<svg>msg-scripting.svg</svg>",
    "<svg>msg-timeout.svg</svg>",
    "<svg>msg-vehicle.svg</svg>",
    "<svg>msg-unknow.svg</svg>",
  ],
  "importing": Array [
    "msg-ask.svg",
    "msg-askcaution.svg",
    "msg-blocked.svg",
    "msg-building.svg",
    "msg-click.svg",
    "msg-forbidden.svg",
    "msg-locked.svg",
    "msg-nofound.svg",
    "msg-offline.svg",
    "msg-sad.svg",
    "msg-scripting.svg",
    "msg-timeout.svg",
    "msg-vehicle.svg",
    "msg-unknow.svg",
  ],
  "nulo": Object {
    "comp": "<svg>msg-unknow.svg</svg>",
    "plain": Object {
      "ReactComponent": Object {
        "$$typeof": Symbol(react.forward_ref),
        "render": [Function],
      },
      "__esModule": true,
      "default": "msg-unknow.svg",
    },
  },
  "require": Array [
    Object {
      "ReactComponent": Object {
        "$$typeof": Symbol(react.forward_ref),
        "render": [Function],
      },
      "__esModule": true,
      "default": "msg-ask.svg",
    },
    Object {
      "ReactComponent": Object {
        "$$typeof": Symbol(react.forward_ref),
        "render": [Function],
      },
      "__esModule": true,
      "default": "msg-askcaution.svg",
    },
    Object {
      "ReactComponent": Object {
        "$$typeof": Symbol(react.forward_ref),
        "render": [Function],
      },
      "__esModule": true,
      "default": "msg-blocked.svg",
    },
    Object {
      "ReactComponent": Object {
        "$$typeof": Symbol(react.forward_ref),
        "render": [Function],
      },
      "__esModule": true,
      "default": "msg-building.svg",
    },
    Object {
      "ReactComponent": Object {
        "$$typeof": Symbol(react.forward_ref),
        "render": [Function],
      },
      "__esModule": true,
      "default": "msg-click.svg",
    },
    Object {
      "ReactComponent": Object {
        "$$typeof": Symbol(react.forward_ref),
        "render": [Function],
      },
      "__esModule": true,
      "default": "msg-forbidden.svg",
    },
    Object {
      "ReactComponent": Object {
        "$$typeof": Symbol(react.forward_ref),
        "render": [Function],
      },
      "__esModule": true,
      "default": "msg-locked.svg",
    },
    Object {
      "ReactComponent": Object {
        "$$typeof": Symbol(react.forward_ref),
        "render": [Function],
      },
      "__esModule": true,
      "default": "msg-nofound.svg",
    },
    Object {
      "ReactComponent": Object {
        "$$typeof": Symbol(react.forward_ref),
        "render": [Function],
      },
      "__esModule": true,
      "default": "msg-offline.svg",
    },
    Object {
      "ReactComponent": Object {
        "$$typeof": Symbol(react.forward_ref),
        "render": [Function],
      },
      "__esModule": true,
      "default": "msg-sad.svg",
    },
    Object {
      "ReactComponent": Object {
        "$$typeof": Symbol(react.forward_ref),
        "render": [Function],
      },
      "__esModule": true,
      "default": "msg-scripting.svg",
    },
    Object {
      "ReactComponent": Object {
        "$$typeof": Symbol(react.forward_ref),
        "render": [Function],
      },
      "__esModule": true,
      "default": "msg-timeout.svg",
    },
    Object {
      "ReactComponent": Object {
        "$$typeof": Symbol(react.forward_ref),
        "render": [Function],
      },
      "__esModule": true,
      "default": "msg-vehicle.svg",
    },
    Object {
      "ReactComponent": Object {
        "$$typeof": Symbol(react.forward_ref),
        "render": [Function],
      },
      "__esModule": true,
      "default": "msg-unknow.svg",
    },
  ],
}
`;
