// Jest Snapshot v1, https://goo.gl/fbAQLP

exports[`ImageMessage Test namesList 1`] = `
Array [
  Object {
    "raw": <div
      className="image-message"
    >
      <svg>
        msg-ask.svg
      </svg>
    </div>,
    "withText": <div
      className="image-message"
    >
      <svg
        height={100}
        width={100}
      >
        msg-ask.svg
      </svg>
      <p
        className="message-text"
      >
        test
      </p>
    </div>,
    "withouText": <div
      className="image-message teste1"
    >
      <svg>
        msg-ask.svg
      </svg>
    </div>,
  },
  Object {
    "raw": <div
      className="image-message"
    >
      <svg>
        msg-blocked.svg
      </svg>
    </div>,
    "withText": <div
      className="image-message"
    >
      <svg
        height={100}
        width={100}
      >
        msg-blocked.svg
      </svg>
      <p
        className="message-text"
      >
        test
      </p>
    </div>,
    "withouText": <div
      className="image-message teste1"
    >
      <svg>
        msg-blocked.svg
      </svg>
    </div>,
  },
  Object {
    "raw": <div
      className="image-message"
    >
      <svg>
        msg-building.svg
      </svg>
    </div>,
    "withText": <div
      className="image-message"
    >
      <svg
        height={100}
        width={100}
      >
        msg-building.svg
      </svg>
      <p
        className="message-text"
      >
        test
      </p>
    </div>,
    "withouText": <div
      className="image-message teste1"
    >
      <svg>
        msg-building.svg
      </svg>
    </div>,
  },
  Object {
    "raw": <div
      className="image-message"
    >
      <svg>
        msg-click.svg
      </svg>
    </div>,
    "withText": <div
      className="image-message"
    >
      <svg
        height={100}
        width={100}
      >
        msg-click.svg
      </svg>
      <p
        className="message-text"
      >
        test
      </p>
    </div>,
    "withouText": <div
      className="image-message teste1"
    >
      <svg>
        msg-click.svg
      </svg>
    </div>,
  },
  Object {
    "raw": <div
      className="image-message"
    >
      <svg>
        msg-forbidden.svg
      </svg>
    </div>,
    "withText": <div
      className="image-message"
    >
      <svg
        height={100}
        width={100}
      >
        msg-forbidden.svg
      </svg>
      <p
        className="message-text"
      >
        test
      </p>
    </div>,
    "withouText": <div
      className="image-message teste1"
    >
      <svg>
        msg-forbidden.svg
      </svg>
    </div>,
  },
  Object {
    "raw": <div
      className="image-message"
    >
      <svg>
        msg-locked.svg
      </svg>
    </div>,
    "withText": <div
      className="image-message"
    >
      <svg
        height={100}
        width={100}
      >
        msg-locked.svg
      </svg>
      <p
        className="message-text"
      >
        test
      </p>
    </div>,
    "withouText": <div
      className="image-message teste1"
    >
      <svg>
        msg-locked.svg
      </svg>
    </div>,
  },
  Object {
    "raw": <div
      className="image-message"
    >
      <svg>
        msg-nofound.svg
      </svg>
    </div>,
    "withText": <div
      className="image-message"
    >
      <svg
        height={100}
        width={100}
      >
        msg-nofound.svg
      </svg>
      <p
        className="message-text"
      >
        test
      </p>
    </div>,
    "withouText": <div
      className="image-message teste1"
    >
      <svg>
        msg-nofound.svg
      </svg>
    </div>,
  },
  Object {
    "raw": <div
      className="image-message"
    >
      <svg>
        msg-offline.svg
      </svg>
    </div>,
    "withText": <div
      className="image-message"
    >
      <svg
        height={100}
        width={100}
      >
        msg-offline.svg
      </svg>
      <p
        className="message-text"
      >
        test
      </p>
    </div>,
    "withouText": <div
      className="image-message teste1"
    >
      <svg>
        msg-offline.svg
      </svg>
    </div>,
  },
  Object {
    "raw": <div
      className="image-message"
    >
      <svg>
        msg-sad.svg
      </svg>
    </div>,
    "withText": <div
      className="image-message"
    >
      <svg
        height={100}
        width={100}
      >
        msg-sad.svg
      </svg>
      <p
        className="message-text"
      >
        test
      </p>
    </div>,
    "withouText": <div
      className="image-message teste1"
    >
      <svg>
        msg-sad.svg
      </svg>
    </div>,
  },
  Object {
    "raw": <div
      className="image-message"
    >
      <svg>
        msg-scripting.svg
      </svg>
    </div>,
    "withText": <div
      className="image-message"
    >
      <svg
        height={100}
        width={100}
      >
        msg-scripting.svg
      </svg>
      <p
        className="message-text"
      >
        test
      </p>
    </div>,
    "withouText": <div
      className="image-message teste1"
    >
      <svg>
        msg-scripting.svg
      </svg>
    </div>,
  },
  Object {
    "raw": <div
      className="image-message"
    >
      <svg>
        msg-timeout.svg
      </svg>
    </div>,
    "withText": <div
      className="image-message"
    >
      <svg
        height={100}
        width={100}
      >
        msg-timeout.svg
      </svg>
      <p
        className="message-text"
      >
        test
      </p>
    </div>,
    "withouText": <div
      className="image-message teste1"
    >
      <svg>
        msg-timeout.svg
      </svg>
    </div>,
  },
  Object {
    "raw": <div
      className="image-message"
    >
      <svg>
        msg-vehicle.svg
      </svg>
    </div>,
    "withText": <div
      className="image-message"
    >
      <svg
        height={100}
        width={100}
      >
        msg-vehicle.svg
      </svg>
      <p
        className="message-text"
      >
        test
      </p>
    </div>,
    "withouText": <div
      className="image-message teste1"
    >
      <svg>
        msg-vehicle.svg
      </svg>
    </div>,
  },
  Object {
    "raw": <div
      className="image-message"
    >
      <svg>
        msg-unknow.svg
      </svg>
    </div>,
    "withText": <div
      className="image-message"
    >
      <svg
        height={100}
        width={100}
      >
        msg-unknow.svg
      </svg>
      <p
        className="message-text"
      >
        test
      </p>
    </div>,
    "withouText": <div
      className="image-message teste1"
    >
      <svg>
        msg-unknow.svg
      </svg>
    </div>,
  },
]
`;

exports[`ImageMessage Test with src 1`] = `
Object {
  "raw": <div
    className="image-message"
  >
    <img
      alt="unknow"
      className="image-content"
      src={
        Object {
          "ReactComponent": Object {
            "$$typeof": Symbol(react.forward_ref),
            "render": [Function],
          },
          "__esModule": true,
          "default": "msg-unknow.svg",
        }
      }
      styles={Object {}}
      title="unknow"
    />
  </div>,
  "src": <div
    className="image-message"
  >
    <img
      alt="unknow"
      className="image-content"
      src="https://avatarsolucoesdigitais.com.br/images/logoh100.svg"
      styles={Object {}}
      title="unknow"
    />
  </div>,
}
`;
