// Jest Snapshot v1, https://goo.gl/fbAQLP

exports[`Images Test images BUTTONS 1`] = `
Object {
  "component": Array [
    "<svg>btn-follow.svg</svg>",
    "<svg>btn-mailinvite.svg</svg>",
    "<svg>btn-doc.svg</svg>",
    "<svg>btn-screen.svg</svg>",
    "<svg>btn-screenfull.svg</svg>",
    "<svg>btn-downmodule.svg</svg>",
    "<svg>btn-updatecalendar.svg</svg>",
    "<svg>btn-updatemodule.svg</svg>",
    "<svg>btn-disconn.svg</svg>",
    "<svg>btn-cancel.svg</svg>",
    "<svg>btn-print.svg</svg>",
    "<svg>btn-filter.svg</svg>",
    "<svg>btn-settings.svg</svg>",
    "<svg>btn-fileSearch.svg</svg>",
    "<svg>btn-search.svg</svg>",
    "<svg>btn-csv.svg</svg>",
    "<svg>btn-locked.svg</svg>",
    "<svg>btn-exclude.svg</svg>",
    "<svg>btn-personsend.svg</svg>",
    "<svg>btn-listitems.svg</svg>",
    "<svg>btn-agenda.svg</svg>",
    "<svg>btn-clickaction.svg</svg>",
    "<svg>btn-bellreport.svg</svg>",
    "<svg>btn-status.svg</svg>",
    "<svg>btn-reset.svg</svg>",
    "<svg>btn-add.svg</svg>",
    "<svg>btn-back.svg</svg>",
    "<svg>btn-del.svg</svg>",
    "<svg>btn-edit.svg</svg>",
    "<svg>btn-follow.svg</svg>",
    "<svg>btn-rel.svg</svg>",
    "<svg>btn-reldown.svg</svg>",
    "<svg>btn-relup.svg</svg>",
    "<svg>btn-save.svg</svg>",
    "<svg>btn-update.svg</svg>",
    "<svg>btn-unknow.svg</svg>",
  ],
  "importing": Array [
    "btn-follow.svg",
    "btn-mailinvite.svg",
    "btn-doc.svg",
    "btn-screen.svg",
    "btn-screenfull.svg",
    "btn-downmodule.svg",
    "btn-updatecalendar.svg",
    "btn-updatemodule.svg",
    "btn-disconn.svg",
    "btn-cancel.svg",
    "btn-print.svg",
    "btn-filter.svg",
    "btn-settings.svg",
    "btn-fileSearch.svg",
    "btn-search.svg",
    "btn-csv.svg",
    "btn-locked.svg",
    "btn-exclude.svg",
    "btn-personsend.svg",
    "btn-listitems.svg",
    "btn-agenda.svg",
    "btn-clickaction.svg",
    "btn-bellreport.svg",
    "btn-status.svg",
    "btn-reset.svg",
    "btn-add.svg",
    "btn-back.svg",
    "btn-del.svg",
    "btn-edit.svg",
    "btn-follow.svg",
    "btn-rel.svg",
    "btn-reldown.svg",
    "btn-relup.svg",
    "btn-save.svg",
    "btn-update.svg",
    "btn-unknow.svg",
  ],
  "nulo": Object {
    "comp": "<svg>btn-unknow.svg</svg>",
    "plain": Object {
      "ReactComponent": Object {
        "$$typeof": Symbol(react.forward_ref),
        "render": [Function],
      },
      "__esModule": true,
      "default": "btn-unknow.svg",
    },
  },
  "require": Array [
    Object {
      "ReactComponent": Object {
        "$$typeof": Symbol(react.forward_ref),
        "render": [Function],
      },
      "__esModule": true,
      "default": "btn-follow.svg",
    },
    Object {
      "ReactComponent": Object {
        "$$typeof": Symbol(react.forward_ref),
        "render": [Function],
      },
      "__esModule": true,
      "default": "btn-mailinvite.svg",
    },
    Object {
      "ReactComponent": Object {
        "$$typeof": Symbol(react.forward_ref),
        "render": [Function],
      },
      "__esModule": true,
      "default": "btn-doc.svg",
    },
    Object {
      "ReactComponent": Object {
        "$$typeof": Symbol(react.forward_ref),
        "render": [Function],
      },
      "__esModule": true,
      "default": "btn-screen.svg",
    },
    Object {
      "ReactComponent": Object {
        "$$typeof": Symbol(react.forward_ref),
        "render": [Function],
      },
      "__esModule": true,
      "default": "btn-screenfull.svg",
    },
    Object {
      "ReactComponent": Object {
        "$$typeof": Symbol(react.forward_ref),
        "render": [Function],
      },
      "__esModule": true,
      "default": "btn-downmodule.svg",
    },
    Object {
      "ReactComponent": Object {
        "$$typeof": Symbol(react.forward_ref),
        "render": [Function],
      },
      "__esModule": true,
      "default": "btn-updatecalendar.svg",
    },
    Object {
      "ReactComponent": Object {
        "$$typeof": Symbol(react.forward_ref),
        "render": [Function],
      },
      "__esModule": true,
      "default": "btn-updatemodule.svg",
    },
    Object {
      "ReactComponent": Object {
        "$$typeof": Symbol(react.forward_ref),
        "render": [Function],
      },
      "__esModule": true,
      "default": "btn-disconn.svg",
    },
    Object {
      "ReactComponent": Object {
        "$$typeof": Symbol(react.forward_ref),
        "render": [Function],
      },
      "__esModule": true,
      "default": "btn-cancel.svg",
    },
    Object {
      "ReactComponent": Object {
        "$$typeof": Symbol(react.forward_ref),
        "render": [Function],
      },
      "__esModule": true,
      "default": "btn-print.svg",
    },
    Object {
      "ReactComponent": Object {
        "$$typeof": Symbol(react.forward_ref),
        "render": [Function],
      },
      "__esModule": true,
      "default": "btn-filter.svg",
    },
    Object {
      "ReactComponent": Object {
        "$$typeof": Symbol(react.forward_ref),
        "render": [Function],
      },
      "__esModule": true,
      "default": "btn-settings.svg",
    },
    Object {
      "ReactComponent": Object {
        "$$typeof": Symbol(react.forward_ref),
        "render": [Function],
      },
      "__esModule": true,
      "default": "btn-fileSearch.svg",
    },
    Object {
      "ReactComponent": Object {
        "$$typeof": Symbol(react.forward_ref),
        "render": [Function],
      },
      "__esModule": true,
      "default": "btn-search.svg",
    },
    Object {
      "ReactComponent": Object {
        "$$typeof": Symbol(react.forward_ref),
        "render": [Function],
      },
      "__esModule": true,
      "default": "btn-csv.svg",
    },
    Object {
      "ReactComponent": Object {
        "$$typeof": Symbol(react.forward_ref),
        "render": [Function],
      },
      "__esModule": true,
      "default": "btn-locked.svg",
    },
    Object {
      "ReactComponent": Object {
        "$$typeof": Symbol(react.forward_ref),
        "render": [Function],
      },
      "__esModule": true,
      "default": "btn-exclude.svg",
    },
    Object {
      "ReactComponent": Object {
        "$$typeof": Symbol(react.forward_ref),
        "render": [Function],
      },
      "__esModule": true,
      "default": "btn-personsend.svg",
    },
    Object {
      "ReactComponent": Object {
        "$$typeof": Symbol(react.forward_ref),
        "render": [Function],
      },
      "__esModule": true,
      "default": "btn-listitems.svg",
    },
    Object {
      "ReactComponent": Object {
        "$$typeof": Symbol(react.forward_ref),
        "render": [Function],
      },
      "__esModule": true,
      "default": "btn-agenda.svg",
    },
    Object {
      "ReactComponent": Object {
        "$$typeof": Symbol(react.forward_ref),
        "render": [Function],
      },
      "__esModule": true,
      "default": "btn-clickaction.svg",
    },
    Object {
      "ReactComponent": Object {
        "$$typeof": Symbol(react.forward_ref),
        "render": [Function],
      },
      "__esModule": true,
      "default": "btn-bellreport.svg",
    },
    Object {
      "ReactComponent": Object {
        "$$typeof": Symbol(react.forward_ref),
        "render": [Function],
      },
      "__esModule": true,
      "default": "btn-status.svg",
    },
    Object {
      "ReactComponent": Object {
        "$$typeof": Symbol(react.forward_ref),
        "render": [Function],
      },
      "__esModule": true,
      "default": "btn-reset.svg",
    },
    Object {
      "ReactComponent": Object {
        "$$typeof": Symbol(react.forward_ref),
        "render": [Function],
      },
      "__esModule": true,
      "default": "btn-add.svg",
    },
    Object {
      "ReactComponent": Object {
        "$$typeof": Symbol(react.forward_ref),
        "render": [Function],
      },
      "__esModule": true,
      "default": "btn-back.svg",
    },
    Object {
      "ReactComponent": Object {
        "$$typeof": Symbol(react.forward_ref),
        "render": [Function],
      },
      "__esModule": true,
      "default": "btn-del.svg",
    },
    Object {
      "ReactComponent": Object {
        "$$typeof": Symbol(react.forward_ref),
        "render": [Function],
      },
      "__esModule": true,
      "default": "btn-edit.svg",
    },
    Object {
      "ReactComponent": Object {
        "$$typeof": Symbol(react.forward_ref),
        "render": [Function],
      },
      "__esModule": true,
      "default": "btn-follow.svg",
    },
    Object {
      "ReactComponent": Object {
        "$$typeof": Symbol(react.forward_ref),
        "render": [Function],
      },
      "__esModule": true,
      "default": "btn-rel.svg",
    },
    Object {
      "ReactComponent": Object {
        "$$typeof": Symbol(react.forward_ref),
        "render": [Function],
      },
      "__esModule": true,
      "default": "btn-reldown.svg",
    },
    Object {
      "ReactComponent": Object {
        "$$typeof": Symbol(react.forward_ref),
        "render": [Function],
      },
      "__esModule": true,
      "default": "btn-relup.svg",
    },
    Object {
      "ReactComponent": Object {
        "$$typeof": Symbol(react.forward_ref),
        "render": [Function],
      },
      "__esModule": true,
      "default": "btn-save.svg",
    },
    Object {
      "ReactComponent": Object {
        "$$typeof": Symbol(react.forward_ref),
        "render": [Function],
      },
      "__esModule": true,
      "default": "btn-update.svg",
    },
    Object {
      "ReactComponent": Object {
        "$$typeof": Symbol(react.forward_ref),
        "render": [Function],
      },
      "__esModule": true,
      "default": "btn-unknow.svg",
    },
  ],
}
`;

exports[`Images Test images DOCS 1`] = `
Object {
  "importing": Array [
    Array [
      Object {
        "ReactComponent": Object {
          "$$typeof": Symbol(react.forward_ref),
          "render": [Function],
        },
        "__esModule": true,
        "default": "bmp.svg",
      },
      Object {
        "$$typeof": Symbol(react.forward_ref),
        "render": [Function],
      },
      "bmp.svg",
    ],
    Array [
      Object {
        "ReactComponent": Object {
          "$$typeof": Symbol(react.forward_ref),
          "render": [Function],
        },
        "__esModule": true,
        "default": "doc.svg",
      },
      Object {
        "$$typeof": Symbol(react.forward_ref),
        "render": [Function],
      },
      "doc.svg",
    ],
    Array [
      Object {
        "ReactComponent": Object {
          "$$typeof": Symbol(react.forward_ref),
          "render": [Function],
        },
        "__esModule": true,
        "default": "docx.svg",
      },
      Object {
        "$$typeof": Symbol(react.forward_ref),
        "render": [Function],
      },
      "docx.svg",
    ],
    Array [
      Object {
        "ReactComponent": Object {
          "$$typeof": Symbol(react.forward_ref),
          "render": [Function],
        },
        "__esModule": true,
        "default": "gif.svg",
      },
      Object {
        "$$typeof": Symbol(react.forward_ref),
        "render": [Function],
      },
      "gif.svg",
    ],
    Array [
      Object {
        "ReactComponent": Object {
          "$$typeof": Symbol(react.forward_ref),
          "render": [Function],
        },
        "__esModule": true,
        "default": "jpeg.svg",
      },
      Object {
        "$$typeof": Symbol(react.forward_ref),
        "render": [Function],
      },
      "jpeg.svg",
    ],
    Array [
      Object {
        "ReactComponent": Object {
          "$$typeof": Symbol(react.forward_ref),
          "render": [Function],
        },
        "__esModule": true,
        "default": "jpg.svg",
      },
      Object {
        "$$typeof": Symbol(react.forward_ref),
        "render": [Function],
      },
      "jpg.svg",
    ],
    Array [
      Object {
        "ReactComponent": Object {
          "$$typeof": Symbol(react.forward_ref),
          "render": [Function],
        },
        "__esModule": true,
        "default": "pdf.svg",
      },
      Object {
        "$$typeof": Symbol(react.forward_ref),
        "render": [Function],
      },
      "pdf.svg",
    ],
    Array [
      Object {
        "ReactComponent": Object {
          "$$typeof": Symbol(react.forward_ref),
          "render": [Function],
        },
        "__esModule": true,
        "default": "png.svg",
      },
      Object {
        "$$typeof": Symbol(react.forward_ref),
        "render": [Function],
      },
      "png.svg",
    ],
    Array [
      Object {
        "ReactComponent": Object {
          "$$typeof": Symbol(react.forward_ref),
          "render": [Function],
        },
        "__esModule": true,
        "default": "zip.svg",
      },
      Object {
        "$$typeof": Symbol(react.forward_ref),
        "render": [Function],
      },
      "zip.svg",
    ],
    Array [
      Object {
        "ReactComponent": Object {
          "$$typeof": Symbol(react.forward_ref),
          "render": [Function],
        },
        "__esModule": true,
        "default": "nd.svg",
      },
      Object {
        "$$typeof": Symbol(react.forward_ref),
        "render": [Function],
      },
      "nd.svg",
    ],
    Array [
      Object {
        "ReactComponent": Object {
          "$$typeof": Symbol(react.forward_ref),
          "render": [Function],
        },
        "__esModule": true,
        "default": "nd.svg",
      },
      Object {
        "$$typeof": Symbol(react.forward_ref),
        "render": [Function],
      },
      Object {
        "ReactComponent": Object {
          "$$typeof": Symbol(react.forward_ref),
          "render": [Function],
        },
        "__esModule": true,
        "default": "nd.svg",
      },
    ],
  ],
  "require": Array [
    Array [
      Object {
        "ReactComponent": Object {
          "$$typeof": Symbol(react.forward_ref),
          "render": [Function],
        },
        "__esModule": true,
        "default": "bmp.svg",
      },
      Object {
        "$$typeof": Symbol(react.forward_ref),
        "render": [Function],
      },
      Object {
        "ReactComponent": Object {
          "$$typeof": Symbol(react.forward_ref),
          "render": [Function],
        },
        "__esModule": true,
        "default": "bmp.svg",
      },
    ],
    Array [
      Object {
        "ReactComponent": Object {
          "$$typeof": Symbol(react.forward_ref),
          "render": [Function],
        },
        "__esModule": true,
        "default": "doc.svg",
      },
      Object {
        "$$typeof": Symbol(react.forward_ref),
        "render": [Function],
      },
      Object {
        "ReactComponent": Object {
          "$$typeof": Symbol(react.forward_ref),
          "render": [Function],
        },
        "__esModule": true,
        "default": "doc.svg",
      },
    ],
    Array [
      Object {
        "ReactComponent": Object {
          "$$typeof": Symbol(react.forward_ref),
          "render": [Function],
        },
        "__esModule": true,
        "default": "docx.svg",
      },
      Object {
        "$$typeof": Symbol(react.forward_ref),
        "render": [Function],
      },
      Object {
        "ReactComponent": Object {
          "$$typeof": Symbol(react.forward_ref),
          "render": [Function],
        },
        "__esModule": true,
        "default": "docx.svg",
      },
    ],
    Array [
      Object {
        "ReactComponent": Object {
          "$$typeof": Symbol(react.forward_ref),
          "render": [Function],
        },
        "__esModule": true,
        "default": "gif.svg",
      },
      Object {
        "$$typeof": Symbol(react.forward_ref),
        "render": [Function],
      },
      Object {
        "ReactComponent": Object {
          "$$typeof": Symbol(react.forward_ref),
          "render": [Function],
        },
        "__esModule": true,
        "default": "gif.svg",
      },
    ],
    Array [
      Object {
        "ReactComponent": Object {
          "$$typeof": Symbol(react.forward_ref),
          "render": [Function],
        },
        "__esModule": true,
        "default": "jpeg.svg",
      },
      Object {
        "$$typeof": Symbol(react.forward_ref),
        "render": [Function],
      },
      Object {
        "ReactComponent": Object {
          "$$typeof": Symbol(react.forward_ref),
          "render": [Function],
        },
        "__esModule": true,
        "default": "jpeg.svg",
      },
    ],
    Array [
      Object {
        "ReactComponent": Object {
          "$$typeof": Symbol(react.forward_ref),
          "render": [Function],
        },
        "__esModule": true,
        "default": "jpg.svg",
      },
      Object {
        "$$typeof": Symbol(react.forward_ref),
        "render": [Function],
      },
      Object {
        "ReactComponent": Object {
          "$$typeof": Symbol(react.forward_ref),
          "render": [Function],
        },
        "__esModule": true,
        "default": "jpg.svg",
      },
    ],
    Array [
      Object {
        "ReactComponent": Object {
          "$$typeof": Symbol(react.forward_ref),
          "render": [Function],
        },
        "__esModule": true,
        "default": "pdf.svg",
      },
      Object {
        "$$typeof": Symbol(react.forward_ref),
        "render": [Function],
      },
      Object {
        "ReactComponent": Object {
          "$$typeof": Symbol(react.forward_ref),
          "render": [Function],
        },
        "__esModule": true,
        "default": "pdf.svg",
      },
    ],
    Array [
      Object {
        "ReactComponent": Object {
          "$$typeof": Symbol(react.forward_ref),
          "render": [Function],
        },
        "__esModule": true,
        "default": "png.svg",
      },
      Object {
        "$$typeof": Symbol(react.forward_ref),
        "render": [Function],
      },
      Object {
        "ReactComponent": Object {
          "$$typeof": Symbol(react.forward_ref),
          "render": [Function],
        },
        "__esModule": true,
        "default": "png.svg",
      },
    ],
    Array [
      Object {
        "ReactComponent": Object {
          "$$typeof": Symbol(react.forward_ref),
          "render": [Function],
        },
        "__esModule": true,
        "default": "zip.svg",
      },
      Object {
        "$$typeof": Symbol(react.forward_ref),
        "render": [Function],
      },
      Object {
        "ReactComponent": Object {
          "$$typeof": Symbol(react.forward_ref),
          "render": [Function],
        },
        "__esModule": true,
        "default": "zip.svg",
      },
    ],
    Array [
      Object {
        "ReactComponent": Object {
          "$$typeof": Symbol(react.forward_ref),
          "render": [Function],
        },
        "__esModule": true,
        "default": "nd.svg",
      },
      Object {
        "$$typeof": Symbol(react.forward_ref),
        "render": [Function],
      },
      Object {
        "ReactComponent": Object {
          "$$typeof": Symbol(react.forward_ref),
          "render": [Function],
        },
        "__esModule": true,
        "default": "nd.svg",
      },
    ],
    Array [
      Object {
        "ReactComponent": Object {
          "$$typeof": Symbol(react.forward_ref),
          "render": [Function],
        },
        "__esModule": true,
        "default": "nd.svg",
      },
      Object {
        "$$typeof": Symbol(react.forward_ref),
        "render": [Function],
      },
      Object {
        "ReactComponent": Object {
          "$$typeof": Symbol(react.forward_ref),
          "render": [Function],
        },
        "__esModule": true,
        "default": "nd.svg",
      },
    ],
    Array [
      Object {
        "ReactComponent": Object {
          "$$typeof": Symbol(react.forward_ref),
          "render": [Function],
        },
        "__esModule": true,
        "default": "nd.svg",
      },
      Object {
        "$$typeof": Symbol(react.forward_ref),
        "render": [Function],
      },
      Object {
        "$$typeof": Symbol(react.forward_ref),
        "render": [Function],
      },
    ],
  ],
}
`;

exports[`Images Test images FORM 1`] = `
Object {
  "component": Array [
    "<svg>lb-clock.svg</svg>",
    "<svg>lb-cond.svg</svg>",
    "<svg>lb-follow.svg</svg>",
    "<svg>lb-follow.svg</svg>",
    "<svg>lb-website.svg</svg>",
    "<svg>lb-instagram.svg</svg>",
    "<svg>lb-facebook.svg</svg>",
    "<svg>lb-back.svg</svg>",
    "<svg>lb-nasc.svg</svg>",
    "<svg>lb-nasc.svg</svg>",
    "<svg>lb-whatsapp.svg</svg>",
    "<svg>lb-cpf.svg</svg>",
    "<svg>lb-search.svg</svg>",
    "<svg>lb-copy.svg</svg>",
    "<svg>lb-link.svg</svg>",
    "<svg>select-seta.svg</svg>",
    "<svg>select-seta-bg.svg</svg>",
    "<svg>input-checked.svg</svg>",
    "<svg>input-unchecked.svg</svg>",
    "<svg>lb-exclude.svg</svg>",
    "<svg>lb-version.svg</svg>",
    "<svg>lb-timeout.svg</svg>",
    "<svg>lb-acha.svg</svg>",
    "<svg>lb-add.svg</svg>",
    "<svg>lb-email.svg</svg>",
    "<svg>lb-pwd.svg</svg>",
    "<svg>lb-rotu.svg</svg>",
    "<svg>lb-nome.svg</svg>",
    "<svg>lb-tel.svg</svg>",
    "<svg>lb-cel.svg</svg>",
    "<svg>lb-mac.svg</svg>",
    "<svg>lb-bar.svg</svg>",
    "<svg>unknow.svg</svg>",
  ],
  "importing": Array [
    "lb-clock.svg",
    "lb-cond.svg",
    "lb-follow.svg",
    "lb-follow.svg",
    "lb-website.svg",
    "lb-instagram.svg",
    "lb-facebook.svg",
    "lb-back.svg",
    "lb-nasc.svg",
    "lb-nasc.svg",
    "lb-whatsapp.svg",
    "lb-cpf.svg",
    "select-seta.svg",
    "select-seta-bg.svg",
    "input-checked.svg",
    "input-unchecked.svg",
    "lb-search.svg",
    "lb-copy.svg",
    "lb-link.svg",
    "lb-exclude.svg",
    "lb-timeout.svg",
    "lb-version.svg",
    "lb-acha.svg",
    "lb-add.svg",
    "lb-email.svg",
    "lb-pwd.svg",
    "lb-rotu.svg",
    "lb-nome.svg",
    "lb-tel.svg",
    "lb-cel.svg",
    "lb-mac.svg",
    "lb-bar.svg",
    "unknow.svg",
  ],
  "nulo": Object {
    "comp": "<svg>unknow.svg</svg>",
    "plain": Object {
      "ReactComponent": Object {
        "$$typeof": Symbol(react.forward_ref),
        "render": [Function],
      },
      "__esModule": true,
      "default": "unknow.svg",
    },
  },
  "require": Array [
    Object {
      "ReactComponent": Object {
        "$$typeof": Symbol(react.forward_ref),
        "render": [Function],
      },
      "__esModule": true,
      "default": "lb-clock.svg",
    },
    Object {
      "ReactComponent": Object {
        "$$typeof": Symbol(react.forward_ref),
        "render": [Function],
      },
      "__esModule": true,
      "default": "lb-cond.svg",
    },
    Object {
      "ReactComponent": Object {
        "$$typeof": Symbol(react.forward_ref),
        "render": [Function],
      },
      "__esModule": true,
      "default": "lb-follow.svg",
    },
    Object {
      "ReactComponent": Object {
        "$$typeof": Symbol(react.forward_ref),
        "render": [Function],
      },
      "__esModule": true,
      "default": "lb-follow.svg",
    },
    Object {
      "ReactComponent": Object {
        "$$typeof": Symbol(react.forward_ref),
        "render": [Function],
      },
      "__esModule": true,
      "default": "lb-website.svg",
    },
    Object {
      "ReactComponent": Object {
        "$$typeof": Symbol(react.forward_ref),
        "render": [Function],
      },
      "__esModule": true,
      "default": "lb-instagram.svg",
    },
    Object {
      "ReactComponent": Object {
        "$$typeof": Symbol(react.forward_ref),
        "render": [Function],
      },
      "__esModule": true,
      "default": "lb-facebook.svg",
    },
    Object {
      "ReactComponent": Object {
        "$$typeof": Symbol(react.forward_ref),
        "render": [Function],
      },
      "__esModule": true,
      "default": "lb-back.svg",
    },
    Object {
      "ReactComponent": Object {
        "$$typeof": Symbol(react.forward_ref),
        "render": [Function],
      },
      "__esModule": true,
      "default": "lb-nasc.svg",
    },
    Object {
      "ReactComponent": Object {
        "$$typeof": Symbol(react.forward_ref),
        "render": [Function],
      },
      "__esModule": true,
      "default": "lb-nasc.svg",
    },
    Object {
      "ReactComponent": Object {
        "$$typeof": Symbol(react.forward_ref),
        "render": [Function],
      },
      "__esModule": true,
      "default": "lb-whatsapp.svg",
    },
    Object {
      "ReactComponent": Object {
        "$$typeof": Symbol(react.forward_ref),
        "render": [Function],
      },
      "__esModule": true,
      "default": "lb-cpf.svg",
    },
    Object {
      "ReactComponent": Object {
        "$$typeof": Symbol(react.forward_ref),
        "render": [Function],
      },
      "__esModule": true,
      "default": "select-seta.svg",
    },
    Object {
      "ReactComponent": Object {
        "$$typeof": Symbol(react.forward_ref),
        "render": [Function],
      },
      "__esModule": true,
      "default": "select-seta-bg.svg",
    },
    Object {
      "ReactComponent": Object {
        "$$typeof": Symbol(react.forward_ref),
        "render": [Function],
      },
      "__esModule": true,
      "default": "input-checked.svg",
    },
    Object {
      "ReactComponent": Object {
        "$$typeof": Symbol(react.forward_ref),
        "render": [Function],
      },
      "__esModule": true,
      "default": "input-unchecked.svg",
    },
    Object {
      "ReactComponent": Object {
        "$$typeof": Symbol(react.forward_ref),
        "render": [Function],
      },
      "__esModule": true,
      "default": "lb-search.svg",
    },
    Object {
      "ReactComponent": Object {
        "$$typeof": Symbol(react.forward_ref),
        "render": [Function],
      },
      "__esModule": true,
      "default": "lb-link.svg",
    },
    Object {
      "ReactComponent": Object {
        "$$typeof": Symbol(react.forward_ref),
        "render": [Function],
      },
      "__esModule": true,
      "default": "lb-copy.svg",
    },
    Object {
      "ReactComponent": Object {
        "$$typeof": Symbol(react.forward_ref),
        "render": [Function],
      },
      "__esModule": true,
      "default": "lb-exclude.svg",
    },
    Object {
      "ReactComponent": Object {
        "$$typeof": Symbol(react.forward_ref),
        "render": [Function],
      },
      "__esModule": true,
      "default": "lb-timeout.svg",
    },
    Object {
      "ReactComponent": Object {
        "$$typeof": Symbol(react.forward_ref),
        "render": [Function],
      },
      "__esModule": true,
      "default": "lb-version.svg",
    },
    Object {
      "ReactComponent": Object {
        "$$typeof": Symbol(react.forward_ref),
        "render": [Function],
      },
      "__esModule": true,
      "default": "lb-acha.svg",
    },
    Object {
      "ReactComponent": Object {
        "$$typeof": Symbol(react.forward_ref),
        "render": [Function],
      },
      "__esModule": true,
      "default": "lb-add.svg",
    },
    Object {
      "ReactComponent": Object {
        "$$typeof": Symbol(react.forward_ref),
        "render": [Function],
      },
      "__esModule": true,
      "default": "lb-email.svg",
    },
    Object {
      "ReactComponent": Object {
        "$$typeof": Symbol(react.forward_ref),
        "render": [Function],
      },
      "__esModule": true,
      "default": "lb-pwd.svg",
    },
    Object {
      "ReactComponent": Object {
        "$$typeof": Symbol(react.forward_ref),
        "render": [Function],
      },
      "__esModule": true,
      "default": "lb-nome.svg",
    },
    Object {
      "ReactComponent": Object {
        "$$typeof": Symbol(react.forward_ref),
        "render": [Function],
      },
      "__esModule": true,
      "default": "lb-rotu.svg",
    },
    Object {
      "ReactComponent": Object {
        "$$typeof": Symbol(react.forward_ref),
        "render": [Function],
      },
      "__esModule": true,
      "default": "lb-tel.svg",
    },
    Object {
      "ReactComponent": Object {
        "$$typeof": Symbol(react.forward_ref),
        "render": [Function],
      },
      "__esModule": true,
      "default": "lb-cel.svg",
    },
    Object {
      "ReactComponent": Object {
        "$$typeof": Symbol(react.forward_ref),
        "render": [Function],
      },
      "__esModule": true,
      "default": "lb-mac.svg",
    },
    Object {
      "ReactComponent": Object {
        "$$typeof": Symbol(react.forward_ref),
        "render": [Function],
      },
      "__esModule": true,
      "default": "lb-bar.svg",
    },
    Object {
      "ReactComponent": Object {
        "$$typeof": Symbol(react.forward_ref),
        "render": [Function],
      },
      "__esModule": true,
      "default": "unknow.svg",
    },
  ],
}
`;

exports[`Images Test images ICON 1`] = `
Object {
  "component": Array [
    "<svg>follow.svg</svg>",
    "<svg>follow.svg</svg>",
    "<svg>config.svg</svg>",
    "<svg>info.svg</svg>",
    "<svg>company.svg</svg>",
    "<svg>documentos.svg</svg>",
    "<svg>dashboard.svg</svg>",
    "<svg>condominio.svg</svg>",
    "<svg>gestor.svg</svg>",
    "<svg>me.svg</svg>",
    "<svg>unknow.svg</svg>",
  ],
  "importing": Array [
    "follow.svg",
    "follow.svg",
    "config.svg",
    "info.svg",
    "company.svg",
    "documentos.svg",
    "dashboard.svg",
    "condominio.svg",
    "gestor.svg",
    "me.svg",
    "unknow.svg",
  ],
  "nulo": Object {
    "comp": "<svg>unknow.svg</svg>",
    "plain": Object {
      "ReactComponent": Object {
        "$$typeof": Symbol(react.forward_ref),
        "render": [Function],
      },
      "__esModule": true,
      "default": "unknow.svg",
    },
  },
  "require": Array [
    Object {
      "ReactComponent": Object {
        "$$typeof": Symbol(react.forward_ref),
        "render": [Function],
      },
      "__esModule": true,
      "default": "follow.svg",
    },
    Object {
      "ReactComponent": Object {
        "$$typeof": Symbol(react.forward_ref),
        "render": [Function],
      },
      "__esModule": true,
      "default": "follow.svg",
    },
    Object {
      "ReactComponent": Object {
        "$$typeof": Symbol(react.forward_ref),
        "render": [Function],
      },
      "__esModule": true,
      "default": "config.svg",
    },
    Object {
      "ReactComponent": Object {
        "$$typeof": Symbol(react.forward_ref),
        "render": [Function],
      },
      "__esModule": true,
      "default": "info.svg",
    },
    Object {
      "ReactComponent": Object {
        "$$typeof": Symbol(react.forward_ref),
        "render": [Function],
      },
      "__esModule": true,
      "default": "company.svg",
    },
    Object {
      "ReactComponent": Object {
        "$$typeof": Symbol(react.forward_ref),
        "render": [Function],
      },
      "__esModule": true,
      "default": "documentos.svg",
    },
    Object {
      "ReactComponent": Object {
        "$$typeof": Symbol(react.forward_ref),
        "render": [Function],
      },
      "__esModule": true,
      "default": "dashboard.svg",
    },
    Object {
      "ReactComponent": Object {
        "$$typeof": Symbol(react.forward_ref),
        "render": [Function],
      },
      "__esModule": true,
      "default": "condominio.svg",
    },
    Object {
      "ReactComponent": Object {
        "$$typeof": Symbol(react.forward_ref),
        "render": [Function],
      },
      "__esModule": true,
      "default": "gestor.svg",
    },
    Object {
      "ReactComponent": Object {
        "$$typeof": Symbol(react.forward_ref),
        "render": [Function],
      },
      "__esModule": true,
      "default": "me.svg",
    },
    Object {
      "ReactComponent": Object {
        "$$typeof": Symbol(react.forward_ref),
        "render": [Function],
      },
      "__esModule": true,
      "default": "unknow.svg",
    },
  ],
}
`;

exports[`Images Test images LAYOUT 1`] = `
Object {
  "importing": Array [
    Array [
      "unknow.svg",
      "unknow.svg",
    ],
    Array [
      "domus.svg",
      "domus.svg",
    ],
    Array [
      "bg-header.png",
      "bg-header.png",
    ],
    Array [
      "avatar-foot.svg",
      "avatar-foot.svg",
    ],
    Array [
      "unknow.svg",
      "unknow.svg",
    ],
  ],
  "require": Array [
    Array [
      Object {
        "ReactComponent": Object {
          "$$typeof": Symbol(react.forward_ref),
          "render": [Function],
        },
        "__esModule": true,
        "default": "unknow.svg",
      },
      Object {
        "ReactComponent": Object {
          "$$typeof": Symbol(react.forward_ref),
          "render": [Function],
        },
        "__esModule": true,
        "default": "unknow.svg",
      },
    ],
    Array [
      Object {
        "ReactComponent": Object {
          "$$typeof": Symbol(react.forward_ref),
          "render": [Function],
        },
        "__esModule": true,
        "default": "domus.svg",
      },
      Object {
        "ReactComponent": Object {
          "$$typeof": Symbol(react.forward_ref),
          "render": [Function],
        },
        "__esModule": true,
        "default": "domus.svg",
      },
    ],
    Array [
      "bg-header.png",
      "bg-header.png",
    ],
    Array [
      Object {
        "ReactComponent": Object {
          "$$typeof": Symbol(react.forward_ref),
          "render": [Function],
        },
        "__esModule": true,
        "default": "avatar-foot.svg",
      },
      Object {
        "ReactComponent": Object {
          "$$typeof": Symbol(react.forward_ref),
          "render": [Function],
        },
        "__esModule": true,
        "default": "avatar-foot.svg",
      },
    ],
    Array [
      Object {
        "ReactComponent": Object {
          "$$typeof": Symbol(react.forward_ref),
          "render": [Function],
        },
        "__esModule": true,
        "default": "unknow.svg",
      },
      Object {
        "ReactComponent": Object {
          "$$typeof": Symbol(react.forward_ref),
          "render": [Function],
        },
        "__esModule": true,
        "default": "unknow.svg",
      },
    ],
  ],
}
`;

exports[`Images Test images MESSAGE 1`] = `
Object {
  "component": Array [
    "<svg>msg-download.svg</svg>",
    "<svg>msg-expires.svg</svg>",
    "<svg>msg-ask.svg</svg>",
    "<svg>msg-askcaution.svg</svg>",
    "<svg>msg-blocked.svg</svg>",
    "<svg>msg-building.svg</svg>",
    "<svg>msg-click.svg</svg>",
    "<svg>msg-forbidden.svg</svg>",
    "<svg>msg-locked.svg</svg>",
    "<svg>msg-nofound.svg</svg>",
    "<svg>msg-offline.svg</svg>",
    "<svg>msg-sad.svg</svg>",
    "<svg>msg-scripting.svg</svg>",
    "<svg>msg-timeout.svg</svg>",
    "<svg>msg-vehicle.svg</svg>",
    "<svg>msg-sentmail.svg</svg>",
    "<svg>msg-security.svg</svg>",
    "<svg>msg-ok.svg</svg>",
    "<svg>msg-ok.svg</svg>",
    "<svg>msg-unknow.svg</svg>",
  ],
  "importing": Array [
    "msg-download.svg",
    "msg-expires.svg",
    "msg-ask.svg",
    "msg-askcaution.svg",
    "msg-blocked.svg",
    "msg-building.svg",
    "msg-click.svg",
    "msg-forbidden.svg",
    "msg-locked.svg",
    "msg-nofound.svg",
    "msg-offline.svg",
    "msg-sad.svg",
    "msg-scripting.svg",
    "msg-timeout.svg",
    "msg-vehicle.svg",
    "msg-sentmail.svg",
    "msg-security.svg",
    "msg-ok.svg",
    "msg-ok.svg",
    "msg-unknow.svg",
  ],
  "nulo": Object {
    "comp": "<svg>msg-unknow.svg</svg>",
    "plain": Object {
      "ReactComponent": Object {
        "$$typeof": Symbol(react.forward_ref),
        "render": [Function],
      },
      "__esModule": true,
      "default": "msg-unknow.svg",
    },
  },
  "require": Array [
    Object {
      "ReactComponent": Object {
        "$$typeof": Symbol(react.forward_ref),
        "render": [Function],
      },
      "__esModule": true,
      "default": "msg-download.svg",
    },
    Object {
      "ReactComponent": Object {
        "$$typeof": Symbol(react.forward_ref),
        "render": [Function],
      },
      "__esModule": true,
      "default": "msg-expires.svg",
    },
    Object {
      "ReactComponent": Object {
        "$$typeof": Symbol(react.forward_ref),
        "render": [Function],
      },
      "__esModule": true,
      "default": "msg-ask.svg",
    },
    Object {
      "ReactComponent": Object {
        "$$typeof": Symbol(react.forward_ref),
        "render": [Function],
      },
      "__esModule": true,
      "default": "msg-askcaution.svg",
    },
    Object {
      "ReactComponent": Object {
        "$$typeof": Symbol(react.forward_ref),
        "render": [Function],
      },
      "__esModule": true,
      "default": "msg-blocked.svg",
    },
    Object {
      "ReactComponent": Object {
        "$$typeof": Symbol(react.forward_ref),
        "render": [Function],
      },
      "__esModule": true,
      "default": "msg-building.svg",
    },
    Object {
      "ReactComponent": Object {
        "$$typeof": Symbol(react.forward_ref),
        "render": [Function],
      },
      "__esModule": true,
      "default": "msg-click.svg",
    },
    Object {
      "ReactComponent": Object {
        "$$typeof": Symbol(react.forward_ref),
        "render": [Function],
      },
      "__esModule": true,
      "default": "msg-forbidden.svg",
    },
    Object {
      "ReactComponent": Object {
        "$$typeof": Symbol(react.forward_ref),
        "render": [Function],
      },
      "__esModule": true,
      "default": "msg-locked.svg",
    },
    Object {
      "ReactComponent": Object {
        "$$typeof": Symbol(react.forward_ref),
        "render": [Function],
      },
      "__esModule": true,
      "default": "msg-nofound.svg",
    },
    Object {
      "ReactComponent": Object {
        "$$typeof": Symbol(react.forward_ref),
        "render": [Function],
      },
      "__esModule": true,
      "default": "msg-offline.svg",
    },
    Object {
      "ReactComponent": Object {
        "$$typeof": Symbol(react.forward_ref),
        "render": [Function],
      },
      "__esModule": true,
      "default": "msg-sad.svg",
    },
    Object {
      "ReactComponent": Object {
        "$$typeof": Symbol(react.forward_ref),
        "render": [Function],
      },
      "__esModule": true,
      "default": "msg-scripting.svg",
    },
    Object {
      "ReactComponent": Object {
        "$$typeof": Symbol(react.forward_ref),
        "render": [Function],
      },
      "__esModule": true,
      "default": "msg-timeout.svg",
    },
    Object {
      "ReactComponent": Object {
        "$$typeof": Symbol(react.forward_ref),
        "render": [Function],
      },
      "__esModule": true,
      "default": "msg-vehicle.svg",
    },
    Object {
      "ReactComponent": Object {
        "$$typeof": Symbol(react.forward_ref),
        "render": [Function],
      },
      "__esModule": true,
      "default": "msg-sentmail.svg",
    },
    Object {
      "ReactComponent": Object {
        "$$typeof": Symbol(react.forward_ref),
        "render": [Function],
      },
      "__esModule": true,
      "default": "msg-security.svg",
    },
    Object {
      "ReactComponent": Object {
        "$$typeof": Symbol(react.forward_ref),
        "render": [Function],
      },
      "__esModule": true,
      "default": "msg-ok.svg",
    },
    Object {
      "ReactComponent": Object {
        "$$typeof": Symbol(react.forward_ref),
        "render": [Function],
      },
      "__esModule": true,
      "default": "msg-ok.svg",
    },
    Object {
      "ReactComponent": Object {
        "$$typeof": Symbol(react.forward_ref),
        "render": [Function],
      },
      "__esModule": true,
      "default": "msg-unknow.svg",
    },
  ],
}
`;
