// Jest Snapshot v1, https://goo.gl/fbAQLP

exports[`Images Test getImageType() COMPONENT 1`] = `
Array [
  <svg>
    ask.svg
  </svg>,
  <svg>
    blocked.svg
  </svg>,
  <svg>
    building.svg
  </svg>,
  <svg>
    click.svg
  </svg>,
  <svg>
    forbidden.svg
  </svg>,
  <svg>
    locked.svg
  </svg>,
  <svg>
    nofound.svg
  </svg>,
  <svg>
    offline.svg
  </svg>,
  <svg>
    sad.svg
  </svg>,
  <svg>
    scripting.svg
  </svg>,
  <svg>
    timeout.svg
  </svg>,
  <svg>
    vehicle.svg
  </svg>,
  <svg>
    unknow.svg
  </svg>,
]
`;

exports[`Images Test getImageType() SVG 1`] = `
Array [
  Object {
    "ReactComponent": Object {
      "$$typeof": Symbol(react.forward_ref),
      "render": [Function],
    },
    "__esModule": true,
    "default": "ask.svg",
  },
  Object {
    "ReactComponent": Object {
      "$$typeof": Symbol(react.forward_ref),
      "render": [Function],
    },
    "__esModule": true,
    "default": "blocked.svg",
  },
  Object {
    "ReactComponent": Object {
      "$$typeof": Symbol(react.forward_ref),
      "render": [Function],
    },
    "__esModule": true,
    "default": "building.svg",
  },
  Object {
    "ReactComponent": Object {
      "$$typeof": Symbol(react.forward_ref),
      "render": [Function],
    },
    "__esModule": true,
    "default": "click.svg",
  },
  Object {
    "ReactComponent": Object {
      "$$typeof": Symbol(react.forward_ref),
      "render": [Function],
    },
    "__esModule": true,
    "default": "forbidden.svg",
  },
  Object {
    "ReactComponent": Object {
      "$$typeof": Symbol(react.forward_ref),
      "render": [Function],
    },
    "__esModule": true,
    "default": "locked.svg",
  },
  Object {
    "ReactComponent": Object {
      "$$typeof": Symbol(react.forward_ref),
      "render": [Function],
    },
    "__esModule": true,
    "default": "nofound.svg",
  },
  Object {
    "ReactComponent": Object {
      "$$typeof": Symbol(react.forward_ref),
      "render": [Function],
    },
    "__esModule": true,
    "default": "offline.svg",
  },
  Object {
    "ReactComponent": Object {
      "$$typeof": Symbol(react.forward_ref),
      "render": [Function],
    },
    "__esModule": true,
    "default": "sad.svg",
  },
  Object {
    "ReactComponent": Object {
      "$$typeof": Symbol(react.forward_ref),
      "render": [Function],
    },
    "__esModule": true,
    "default": "scripting.svg",
  },
  Object {
    "ReactComponent": Object {
      "$$typeof": Symbol(react.forward_ref),
      "render": [Function],
    },
    "__esModule": true,
    "default": "timeout.svg",
  },
  Object {
    "ReactComponent": Object {
      "$$typeof": Symbol(react.forward_ref),
      "render": [Function],
    },
    "__esModule": true,
    "default": "vehicle.svg",
  },
  Object {
    "ReactComponent": Object {
      "$$typeof": Symbol(react.forward_ref),
      "render": [Function],
    },
    "__esModule": true,
    "default": "unknow.svg",
  },
]
`;

exports[`Images Test unknow images 1`] = `
Object {
  "unComp": <svg>
    unknow.svg
  </svg>,
  "unSvg": Object {
    "ReactComponent": Object {
      "$$typeof": Symbol(react.forward_ref),
      "render": [Function],
    },
    "__esModule": true,
    "default": "unknow.svg",
  },
}
`;
