// Jest Snapshot v1, https://goo.gl/fbAQLP

exports[`ListCards Test renderer whith children 1`] = `"<div class=\\"list-of-cards\\"><div class=\\"card-offset\\"><div class=\\"card-item\\" style=\\"width:auto\\"><div class=\\"card-item-title\\"><h3>Test titulo</h3></div><div class=\\"card-item-content\\" style=\\"width:auto\\">A</div></div></div><div class=\\"card-offset\\"><div class=\\"card-item\\" style=\\"width:auto\\"><div class=\\"card-item-content\\" style=\\"width:auto\\">B</div></div></div><div class=\\"card-offset\\"><div class=\\"card-item\\" style=\\"width:auto\\"><div class=\\"card-item-content\\" style=\\"width:auto\\">C</div></div></div><div class=\\"card-offset\\"><div class=\\"card-item\\" style=\\"width:auto\\"><div class=\\"card-item-content\\" style=\\"width:auto\\">D</div></div></div></div>"`;

exports[`ListCards There should be elements 1`] = `"<div class=\\"list-of-cards\\"><div class=\\"card-offset\\"><div class=\\"card-item\\" style=\\"width:auto\\"><div class=\\"card-item-title\\"><h3>Test titulo</h3></div><div class=\\"card-item-content\\" style=\\"width:auto\\">A</div></div></div><div class=\\"card-offset\\"><div class=\\"card-item\\" style=\\"width:auto\\"><div class=\\"card-item-content\\" style=\\"width:auto\\">B</div></div></div><div class=\\"card-offset\\"><div class=\\"card-item\\" style=\\"width:auto\\"><div class=\\"card-item-content\\" style=\\"width:auto\\">C</div></div></div><div class=\\"card-offset\\"><div class=\\"card-item\\" style=\\"width:auto\\"><div class=\\"card-item-content\\" style=\\"width:auto\\">D</div></div></div></div>"`;
