// Jest Snapshot v1, https://goo.gl/fbAQLP

exports[`test Tabs Test Span 1`] = `
Object {
  "text": <section
    className="tabs"
  >
    <ul
      className="tabs__list"
    />
    <div
      className="tabs__content"
    />
  </section>,
}
`;

exports[`test Tabs Test shallow  1`] = `"<section class=\\"tabs\\"><ul class=\\"tabs__list\\"><div class=\\"tabs__tab\\"><button type=\\"button\\" class=\\"undefined tabs__tab-link active\\">A1</button></div></ul><div class=\\"tabs__content\\">A1</div></section>"`;

exports[`test Tabs should show App click 1`] = `ReactWrapper {}`;
