// Jest Snapshot v1, https://goo.gl/fbAQLP

exports[`Teste Text Test Text with children 1`] = `"<span class=\\"undefined text-span bold undefined text1\\" title=\\"\\">double click</span>"`;

exports[`Teste Text Test prop bold 1`] = `
Object {
  "text": <span
    className="undefined text-span bold undefined"
    onClick={[Function]}
    onDoubleClick={[Function]}
    style={Object {}}
    title=""
  >
    test span
  </span>,
}
`;

exports[`Teste Text Test shallow html 1`] = `"<span class=\\"text-span undefined\\" title=\\"\\">test span</span>"`;
